[WebServer] (node:15945) Warning: The 'NO_COLOR' env is ignored due to the 'FORCE_COLOR' env being set.
[WebServer] (Use `node --trace-warnings ...` to show where the warning was created)
[WebServer] (node:15958) Warning: The 'NO_COLOR' env is ignored due to the 'FORCE_COLOR' env being set.
[WebServer] (Use `node --trace-warnings ...` to show where the warning was created)

Running 75 tests using 1 worker

(node:15978) Warning: The 'NO_COLOR' env is ignored due to the 'FORCE_COLOR' env being set.
(Use `node --trace-warnings ...` to show where the warning was created)
(node:15978) Warning: The 'NO_COLOR' env is ignored due to the 'FORCE_COLOR' env being set.
(Use `node --trace-warnings ...` to show where the warning was created)
  ✓   1 [mobile-chromium] › e2e/mobile-2.5.spec.js:109:1 › settlement batch dirty gates new repayment but unrelated edit and pending confirmation still work (4.9s)
  ✓   2 [mobile-chromium] › e2e/mobile-2.5.spec.js:191:1 › personal, other and all PNG templates: swipe preserves selection, zero blocks, selected downloads only (17.1s)
  ✓   3 [mobile-chromium] › e2e/mobile-2.5.spec.js:270:1 › name width and paste overflow reject immediately; draft delete requires confirmation (4.0s)
  ✓   4 [mobile-chromium] › e2e/mobile-2.6.spec.js:101:1 › My uses account greeting, four avatars persist and preserve finance IDs; navigation never replays startup (5.9s)
  ✓   5 [mobile-chromium] › e2e/mobile-2.6.spec.js:160:1 › personal settlement first, settle outside card, share last, batch text and permission intact (6.7s)
  ✓   6 [mobile-chromium] › e2e/mobile-2.6.spec.js:196:1 › reduced-motion startup uses only opacity and never collision/run animations (933ms)
  ✓   7 [mobile-chromium] › e2e/mobile-core.spec.js:20:3 › Bopli 2.6 mobile core journey › 新使用者可建立群組、活動、記第一筆支出並看到結算 (2.9s)
  ✓   8 [mobile-chromium] › e2e/mobile-core.spec.js:59:3 › Bopli 2.6 mobile core journey › 群主可在活動進行中加入新群組成員，預設不改過去支出 (3.5s)
  ✓   9 [mobile-chromium] › e2e/mobile-core.spec.js:137:3 › Bopli 2.6 mobile core journey › 手機畫面主要操作無水平溢出 (2.4s)
  ✓  10 [mobile-chromium] › e2e/mobile-extended.spec.js:101:3 › Bopli 2.6 mobile extended journeys › 活動中途退出成員時預設只影響之後，舊支出保留 (3.6s)
  ✓  11 [mobile-chromium] › e2e/mobile-extended.spec.js:137:3 › Bopli 2.6 mobile extended journeys › 首頁待處理卡直接進結算，活動可一鍵開啟成員管理 (10.0s)
  ✓  12 [mobile-chromium] › e2e/mobile-extended.spec.js:169:3 › Bopli 2.6 mobile extended journeys › 付款人記錄付款後，收款人可切換身分確認並完成結清 (10.4s)
  ✓  13 [mobile-chromium] › e2e/mobile-extended.spec.js:227:3 › Bopli 2.6 mobile extended journeys › 副群主看不到永久刪除；群主可刪除空活動與群組 (10.1s)
  ✓  14 [mobile-chromium] › e2e/mobile-extended.spec.js:300:3 › Bopli 2.6 mobile extended journeys › 14 人旅行與第二群組帳目互不污染 (5.4s)
  ✓  15 [mobile-chromium] › e2e/mobile-regression-2.4.spec.js:132:1 › 2.6 reset removes every old key only once, preserving new account after reload (3.2s)
  ✓  16 [mobile-chromium] › e2e/mobile-regression-2.4.spec.js:177:1 › partial payment consumes manual allocation, reserves pending, and confirms same record (4.0s)
  ✓  17 [mobile-chromium] › e2e/mobile-regression-2.4.spec.js:217:42 › owner can change remaining manual plan while pending amount stays fixed (3.1s)
  ✓  18 [mobile-chromium] › e2e/mobile-regression-2.4.spec.js:217:42 › deputy can change remaining manual plan while pending amount stays fixed (3.0s)
  ✓  19 [mobile-chromium] › e2e/mobile-regression-2.4.spec.js:245:1 › disputed payment stays reserved and can be resubmitted without a duplicate (3.5s)
  ✓  20 [mobile-chromium] › e2e/mobile-regression-2.4.spec.js:277:1 › empty status is consistent across tabs; zero-balance spectator cannot settle others (4.3s)
  ✓  21 [mobile-chromium] › e2e/mobile-regression-2.4.spec.js:305:1 › review member appears once, resolves into current members, and returns directly to activity (2.9s)
  ✓  22 [mobile-chromium] › e2e/mobile-regression-2.4.spec.js:345:1 › tabs preserve each scroll position and second tap scrolls to top (4.1s)
  ✓  23 [mobile-chromium] › e2e/mobile-regression-2.4.spec.js:376:1 › home notification and profile share logo geometry and logo returns home (2.6s)
  ✓  24 [mobile-chromium] › e2e/mobile-regression-2.4.spec.js:393:1 › shared input modal adapts to reduced visual viewport with close, input and save operable (2.5s)
  ✓  25 [mobile-chromium] › e2e/mobile-regression-2.4.spec.js:423:1 › cumulative 15-person fairness backfills receipt allocations before rounding up (5.1s)
(node:17110) Warning: The 'NO_COLOR' env is ignored due to the 'FORCE_COLOR' env being set.
(Use `node --trace-warnings ...` to show where the warning was created)
(node:17110) Warning: The 'NO_COLOR' env is ignored due to the 'FORCE_COLOR' env being set.
(Use `node --trace-warnings ...` to show where the warning was created)
  ✓  26 [mobile-chromium] › e2e/mobile-2.5.spec.js:109:1 › settlement batch dirty gates new repayment but unrelated edit and pending confirmation still work (4.7s)
  ✓  27 [mobile-chromium] › e2e/mobile-2.5.spec.js:191:1 › personal, other and all PNG templates: swipe preserves selection, zero blocks, selected downloads only (19.0s)
  ✓  28 [mobile-chromium] › e2e/mobile-2.5.spec.js:270:1 › name width and paste overflow reject immediately; draft delete requires confirmation (4.2s)
  ✓  29 [mobile-chromium] › e2e/mobile-2.6.spec.js:101:1 › My uses account greeting, four avatars persist and preserve finance IDs; navigation never replays startup (5.9s)
  ✓  30 [mobile-chromium] › e2e/mobile-2.6.spec.js:160:1 › personal settlement first, settle outside card, share last, batch text and permission intact (6.6s)
  ✓  31 [mobile-chromium] › e2e/mobile-2.6.spec.js:196:1 › reduced-motion startup uses only opacity and never collision/run animations (880ms)
  ✓  32 [mobile-chromium] › e2e/mobile-core.spec.js:20:3 › Bopli 2.6 mobile core journey › 新使用者可建立群組、活動、記第一筆支出並看到結算 (3.0s)
  ✓  33 [mobile-chromium] › e2e/mobile-core.spec.js:59:3 › Bopli 2.6 mobile core journey › 群主可在活動進行中加入新群組成員，預設不改過去支出 (3.4s)
  ✓  34 [mobile-chromium] › e2e/mobile-core.spec.js:137:3 › Bopli 2.6 mobile core journey › 手機畫面主要操作無水平溢出 (2.4s)
  ✓  35 [mobile-chromium] › e2e/mobile-extended.spec.js:101:3 › Bopli 2.6 mobile extended journeys › 活動中途退出成員時預設只影響之後，舊支出保留 (3.5s)
  ✓  36 [mobile-chromium] › e2e/mobile-extended.spec.js:137:3 › Bopli 2.6 mobile extended journeys › 首頁待處理卡直接進結算，活動可一鍵開啟成員管理 (9.9s)
  ✓  37 [mobile-chromium] › e2e/mobile-extended.spec.js:169:3 › Bopli 2.6 mobile extended journeys › 付款人記錄付款後，收款人可切換身分確認並完成結清 (10.6s)
  ✓  38 [mobile-chromium] › e2e/mobile-extended.spec.js:227:3 › Bopli 2.6 mobile extended journeys › 副群主看不到永久刪除；群主可刪除空活動與群組 (10.1s)
  ✓  39 [mobile-chromium] › e2e/mobile-extended.spec.js:300:3 › Bopli 2.6 mobile extended journeys › 14 人旅行與第二群組帳目互不污染 (5.4s)
  ✓  40 [mobile-chromium] › e2e/mobile-regression-2.4.spec.js:132:1 › 2.6 reset removes every old key only once, preserving new account after reload (3.1s)
  ✓  41 [mobile-chromium] › e2e/mobile-regression-2.4.spec.js:177:1 › partial payment consumes manual allocation, reserves pending, and confirms same record (4.0s)
  ✓  42 [mobile-chromium] › e2e/mobile-regression-2.4.spec.js:217:42 › owner can change remaining manual plan while pending amount stays fixed (3.1s)
  ✓  43 [mobile-chromium] › e2e/mobile-regression-2.4.spec.js:217:42 › deputy can change remaining manual plan while pending amount stays fixed (2.9s)
  ✓  44 [mobile-chromium] › e2e/mobile-regression-2.4.spec.js:245:1 › disputed payment stays reserved and can be resubmitted without a duplicate (3.6s)
  ✓  45 [mobile-chromium] › e2e/mobile-regression-2.4.spec.js:277:1 › empty status is consistent across tabs; zero-balance spectator cannot settle others (4.4s)
  ✓  46 [mobile-chromium] › e2e/mobile-regression-2.4.spec.js:305:1 › review member appears once, resolves into current members, and returns directly to activity (2.8s)
  ✓  47 [mobile-chromium] › e2e/mobile-regression-2.4.spec.js:345:1 › tabs preserve each scroll position and second tap scrolls to top (4.0s)
  ✓  48 [mobile-chromium] › e2e/mobile-regression-2.4.spec.js:376:1 › home notification and profile share logo geometry and logo returns home (2.6s)
  ✓  49 [mobile-chromium] › e2e/mobile-regression-2.4.spec.js:393:1 › shared input modal adapts to reduced visual viewport with close, input and save operable (2.4s)
  ✓  50 [mobile-chromium] › e2e/mobile-regression-2.4.spec.js:423:1 › cumulative 15-person fairness backfills receipt allocations before rounding up (4.9s)
(node:18184) Warning: The 'NO_COLOR' env is ignored due to the 'FORCE_COLOR' env being set.
(Use `node --trace-warnings ...` to show where the warning was created)
(node:18184) Warning: The 'NO_COLOR' env is ignored due to the 'FORCE_COLOR' env being set.
(Use `node --trace-warnings ...` to show where the warning was created)
  ✓  51 [mobile-chromium] › e2e/mobile-2.5.spec.js:109:1 › settlement batch dirty gates new repayment but unrelated edit and pending confirmation still work (4.8s)
  ✓  52 [mobile-chromium] › e2e/mobile-2.5.spec.js:191:1 › personal, other and all PNG templates: swipe preserves selection, zero blocks, selected downloads only (23.1s)
  ✓  53 [mobile-chromium] › e2e/mobile-2.5.spec.js:270:1 › name width and paste overflow reject immediately; draft delete requires confirmation (4.1s)
  ✓  54 [mobile-chromium] › e2e/mobile-2.6.spec.js:101:1 › My uses account greeting, four avatars persist and preserve finance IDs; navigation never replays startup (5.9s)
  ✓  55 [mobile-chromium] › e2e/mobile-2.6.spec.js:160:1 › personal settlement first, settle outside card, share last, batch text and permission intact (6.6s)
  ✓  56 [mobile-chromium] › e2e/mobile-2.6.spec.js:196:1 › reduced-motion startup uses only opacity and never collision/run animations (881ms)
  ✓  57 [mobile-chromium] › e2e/mobile-core.spec.js:20:3 › Bopli 2.6 mobile core journey › 新使用者可建立群組、活動、記第一筆支出並看到結算 (2.9s)
  ✓  58 [mobile-chromium] › e2e/mobile-core.spec.js:59:3 › Bopli 2.6 mobile core journey › 群主可在活動進行中加入新群組成員，預設不改過去支出 (3.9s)
  ✓  59 [mobile-chromium] › e2e/mobile-core.spec.js:137:3 › Bopli 2.6 mobile core journey › 手機畫面主要操作無水平溢出 (2.4s)
  ✓  60 [mobile-chromium] › e2e/mobile-extended.spec.js:101:3 › Bopli 2.6 mobile extended journeys › 活動中途退出成員時預設只影響之後，舊支出保留 (3.6s)
  ✓  61 [mobile-chromium] › e2e/mobile-extended.spec.js:137:3 › Bopli 2.6 mobile extended journeys › 首頁待處理卡直接進結算，活動可一鍵開啟成員管理 (9.9s)
  ✓  62 [mobile-chromium] › e2e/mobile-extended.spec.js:169:3 › Bopli 2.6 mobile extended journeys › 付款人記錄付款後，收款人可切換身分確認並完成結清 (10.6s)
  ✓  63 [mobile-chromium] › e2e/mobile-extended.spec.js:227:3 › Bopli 2.6 mobile extended journeys › 副群主看不到永久刪除；群主可刪除空活動與群組 (10.1s)
  ✓  64 [mobile-chromium] › e2e/mobile-extended.spec.js:300:3 › Bopli 2.6 mobile extended journeys › 14 人旅行與第二群組帳目互不污染 (5.3s)
  ✓  65 [mobile-chromium] › e2e/mobile-regression-2.4.spec.js:132:1 › 2.6 reset removes every old key only once, preserving new account after reload (3.1s)
  ✓  66 [mobile-chromium] › e2e/mobile-regression-2.4.spec.js:177:1 › partial payment consumes manual allocation, reserves pending, and confirms same record (4.1s)
  ✓  67 [mobile-chromium] › e2e/mobile-regression-2.4.spec.js:217:42 › owner can change remaining manual plan while pending amount stays fixed (3.1s)
  ✓  68 [mobile-chromium] › e2e/mobile-regression-2.4.spec.js:217:42 › deputy can change remaining manual plan while pending amount stays fixed (3.0s)
  ✓  69 [mobile-chromium] › e2e/mobile-regression-2.4.spec.js:245:1 › disputed payment stays reserved and can be resubmitted without a duplicate (3.6s)
  ✓  70 [mobile-chromium] › e2e/mobile-regression-2.4.spec.js:277:1 › empty status is consistent across tabs; zero-balance spectator cannot settle others (4.4s)
  ✓  71 [mobile-chromium] › e2e/mobile-regression-2.4.spec.js:305:1 › review member appears once, resolves into current members, and returns directly to activity (2.9s)
  ✓  72 [mobile-chromium] › e2e/mobile-regression-2.4.spec.js:345:1 › tabs preserve each scroll position and second tap scrolls to top (4.3s)
  ✓  73 [mobile-chromium] › e2e/mobile-regression-2.4.spec.js:376:1 › home notification and profile share logo geometry and logo returns home (2.7s)
  ✓  74 [mobile-chromium] › e2e/mobile-regression-2.4.spec.js:393:1 › shared input modal adapts to reduced visual viewport with close, input and save operable (2.5s)
  ✓  75 [mobile-chromium] › e2e/mobile-regression-2.4.spec.js:423:1 › cumulative 15-person fairness backfills receipt allocations before rounding up (5.2s)

  75 passed (6.6m)
npm notice
npm notice New major version of npm available! 11.9.0 -> 12.2.0
npm notice Changelog: https://github.com/npm/cli/releases/tag/v12.2.0
npm notice To update run: npm install -g npm@12.2.0
npm notice
