
> bopli-test-2-6@2.6.0-test test:stress
> node --test src/lib/stress.test.js

STRESS_STORE_BYTES=12100490
✔ STRESS 14人旅行：300筆支出，中途+1、退出2人，歷史帳務保持平衡 (270.07692ms)
✔ STRESS 兩個群組各500筆：各自帳務平衡且結果互不改變 (300.853784ms)
✔ STRESS 尾差：3~60人、200輪不同金額都維持總額平衡 (234.67731ms)
✔ STRESS 大額與大量成員：1,000,000,000 元 / 1000人 (37.663891ms)
✔ DIAGNOSTIC: 負數 confirmed settlement 應被拒絕 (0.83986ms)
✔ DIAGNOSTIC: 小數 confirmed settlement 應被拒絕 (0.350018ms)
✔ DIAGNOSTIC: 自己還款給自己應被拒絕 (0.344462ms)
✔ STRESS 100 seeds × 1000筆：隨機帳本持續平衡 (3386.723272ms)
✔ DIAGNOSTIC: NaN confirmed settlement 應被拒絕 (0.595727ms)
✔ DIAGNOSTIC: Infinity confirmed settlement 應被拒絕 (0.449344ms)
✔ DIAGNOSTIC: 超額還款應直接拒絕，不可把債權債務反轉 (12.842787ms)
✔ DIAGNOSTIC: 重複 settlement id 應直接拒絕 (0.655244ms)
✔ STRESS localStorage 容量估算：大型帳本序列化體積 (323.493839ms)
ℹ tests 13
ℹ suites 0
ℹ pass 13
ℹ fail 0
ℹ cancelled 0
ℹ skipped 0
ℹ todo 0
ℹ duration_ms 4740.621974
npm notice
npm notice New major version of npm available! 11.9.0 -> 12.2.0
npm notice Changelog: https://github.com/npm/cli/releases/tag/v12.2.0
npm notice To update run: npm install -g npm@12.2.0
npm notice
