[2m[WebServer] [22m(node:25509) Warning: The 'NO_COLOR' env is ignored due to the 'FORCE_COLOR' env being set.
[2m[WebServer] [22m(Use `node --trace-warnings ...` to show where the warning was created)

Running 66 tests using 1 worker

(node:25529) Warning: The 'NO_COLOR' env is ignored due to the 'FORCE_COLOR' env being set.
(Use `node --trace-warnings ...` to show where the warning was created)
(node:25529) Warning: The 'NO_COLOR' env is ignored due to the 'FORCE_COLOR' env being set.
(Use `node --trace-warnings ...` to show where the warning was created)
  ✓   1 [mobile-chromium] › e2e/mobile-2.5.spec.js:109:1 › settlement batch dirty gates new repayment but unrelated edit and pending confirmation still work (4.2s)
  ✓   2 [mobile-chromium] › e2e/mobile-2.5.spec.js:191:1 › personal, other and all PNG templates: swipe preserves selection, zero blocks, selected downloads only (13.6s)
  ✓   3 [mobile-chromium] › e2e/mobile-2.5.spec.js:268:1 › name width and paste overflow reject immediately; draft delete requires confirmation (2.3s)
  ✓   4 [mobile-chromium] › e2e/mobile-core.spec.js:20:3 › Bopli 2.5 mobile core journey › 新使用者可建立群組、活動、記第一筆支出並看到結算 (1.3s)
  ✓   5 [mobile-chromium] › e2e/mobile-core.spec.js:59:3 › Bopli 2.5 mobile core journey › 群主可在活動進行中加入新群組成員，預設不改過去支出 (1.9s)
  ✓   6 [mobile-chromium] › e2e/mobile-core.spec.js:137:3 › Bopli 2.5 mobile core journey › 手機畫面主要操作無水平溢出 (756ms)
  ✓   7 [mobile-chromium] › e2e/mobile-extended.spec.js:101:3 › Bopli 2.5 mobile extended journeys › 活動中途退出成員時預設只影響之後，舊支出保留 (1.8s)
  ✓   8 [mobile-chromium] › e2e/mobile-extended.spec.js:137:3 › Bopli 2.5 mobile extended journeys › 首頁待處理卡直接進結算，活動可一鍵開啟成員管理 (8.1s)
  ✓   9 [mobile-chromium] › e2e/mobile-extended.spec.js:169:3 › Bopli 2.5 mobile extended journeys › 付款人記錄付款後，收款人可切換身分確認並完成結清 (8.7s)
  ✓  10 [mobile-chromium] › e2e/mobile-extended.spec.js:227:3 › Bopli 2.5 mobile extended journeys › 副群主看不到永久刪除；群主可刪除空活動與群組 (8.5s)
  ✓  11 [mobile-chromium] › e2e/mobile-extended.spec.js:300:3 › Bopli 2.5 mobile extended journeys › 14 人旅行與第二群組帳目互不污染 (3.5s)
  ✓  12 [mobile-chromium] › e2e/mobile-regression-2.4.spec.js:132:1 › 2.5 reset removes every old key only once, preserving new account after reload (1.3s)
  ✓  13 [mobile-chromium] › e2e/mobile-regression-2.4.spec.js:177:1 › partial payment consumes manual allocation, reserves pending, and confirms same record (2.3s)
  ✓  14 [mobile-chromium] › e2e/mobile-regression-2.4.spec.js:217:42 › owner can change remaining manual plan while pending amount stays fixed (1.3s)
  ✓  15 [mobile-chromium] › e2e/mobile-regression-2.4.spec.js:217:42 › deputy can change remaining manual plan while pending amount stays fixed (1.2s)
  ✓  16 [mobile-chromium] › e2e/mobile-regression-2.4.spec.js:245:1 › disputed payment stays reserved and can be resubmitted without a duplicate (1.9s)
  ✓  17 [mobile-chromium] › e2e/mobile-regression-2.4.spec.js:277:1 › empty status is consistent across tabs; zero-balance spectator cannot settle others (1.3s)
  ✓  18 [mobile-chromium] › e2e/mobile-regression-2.4.spec.js:305:1 › review member appears once, resolves into current members, and returns directly to activity (1.1s)
  ✓  19 [mobile-chromium] › e2e/mobile-regression-2.4.spec.js:345:1 › tabs preserve each scroll position and second tap scrolls to top (2.3s)
  ✓  20 [mobile-chromium] › e2e/mobile-regression-2.4.spec.js:376:1 › home notification and profile share logo geometry and logo returns home (824ms)
  ✓  21 [mobile-chromium] › e2e/mobile-regression-2.4.spec.js:393:1 › shared input modal adapts to reduced visual viewport with close, input and save operable (773ms)
  ✓  22 [mobile-chromium] › e2e/mobile-regression-2.4.spec.js:423:1 › cumulative 15-person fairness backfills receipt allocations before rounding up (1.9s)
(node:26610) Warning: The 'NO_COLOR' env is ignored due to the 'FORCE_COLOR' env being set.
(Use `node --trace-warnings ...` to show where the warning was created)
(node:26610) Warning: The 'NO_COLOR' env is ignored due to the 'FORCE_COLOR' env being set.
(Use `node --trace-warnings ...` to show where the warning was created)
  ✓  23 [mobile-chromium] › e2e/mobile-2.5.spec.js:109:1 › settlement batch dirty gates new repayment but unrelated edit and pending confirmation still work (3.0s)
  ✓  24 [mobile-chromium] › e2e/mobile-2.5.spec.js:191:1 › personal, other and all PNG templates: swipe preserves selection, zero blocks, selected downloads only (8.4s)
  ✓  25 [mobile-chromium] › e2e/mobile-2.5.spec.js:268:1 › name width and paste overflow reject immediately; draft delete requires confirmation (2.2s)
  ✓  26 [mobile-chromium] › e2e/mobile-core.spec.js:20:3 › Bopli 2.5 mobile core journey › 新使用者可建立群組、活動、記第一筆支出並看到結算 (1.3s)
  ✓  27 [mobile-chromium] › e2e/mobile-core.spec.js:59:3 › Bopli 2.5 mobile core journey › 群主可在活動進行中加入新群組成員，預設不改過去支出 (1.7s)
  ✓  28 [mobile-chromium] › e2e/mobile-core.spec.js:137:3 › Bopli 2.5 mobile core journey › 手機畫面主要操作無水平溢出 (640ms)
  ✓  29 [mobile-chromium] › e2e/mobile-extended.spec.js:101:3 › Bopli 2.5 mobile extended journeys › 活動中途退出成員時預設只影響之後，舊支出保留 (1.7s)
  ✓  30 [mobile-chromium] › e2e/mobile-extended.spec.js:137:3 › Bopli 2.5 mobile extended journeys › 首頁待處理卡直接進結算，活動可一鍵開啟成員管理 (8.2s)
  ✓  31 [mobile-chromium] › e2e/mobile-extended.spec.js:169:3 › Bopli 2.5 mobile extended journeys › 付款人記錄付款後，收款人可切換身分確認並完成結清 (8.6s)
  ✓  32 [mobile-chromium] › e2e/mobile-extended.spec.js:227:3 › Bopli 2.5 mobile extended journeys › 副群主看不到永久刪除；群主可刪除空活動與群組 (8.5s)
  ✓  33 [mobile-chromium] › e2e/mobile-extended.spec.js:300:3 › Bopli 2.5 mobile extended journeys › 14 人旅行與第二群組帳目互不污染 (3.4s)
  ✓  34 [mobile-chromium] › e2e/mobile-regression-2.4.spec.js:132:1 › 2.5 reset removes every old key only once, preserving new account after reload (1.4s)
  ✓  35 [mobile-chromium] › e2e/mobile-regression-2.4.spec.js:177:1 › partial payment consumes manual allocation, reserves pending, and confirms same record (2.3s)
  ✓  36 [mobile-chromium] › e2e/mobile-regression-2.4.spec.js:217:42 › owner can change remaining manual plan while pending amount stays fixed (1.4s)
  ✓  37 [mobile-chromium] › e2e/mobile-regression-2.4.spec.js:217:42 › deputy can change remaining manual plan while pending amount stays fixed (1.3s)
  ✓  38 [mobile-chromium] › e2e/mobile-regression-2.4.spec.js:245:1 › disputed payment stays reserved and can be resubmitted without a duplicate (1.9s)
  ✓  39 [mobile-chromium] › e2e/mobile-regression-2.4.spec.js:277:1 › empty status is consistent across tabs; zero-balance spectator cannot settle others (1.2s)
  ✓  40 [mobile-chromium] › e2e/mobile-regression-2.4.spec.js:305:1 › review member appears once, resolves into current members, and returns directly to activity (1.0s)
  ✓  41 [mobile-chromium] › e2e/mobile-regression-2.4.spec.js:345:1 › tabs preserve each scroll position and second tap scrolls to top (2.3s)
  ✓  42 [mobile-chromium] › e2e/mobile-regression-2.4.spec.js:376:1 › home notification and profile share logo geometry and logo returns home (905ms)
  ✓  43 [mobile-chromium] › e2e/mobile-regression-2.4.spec.js:393:1 › shared input modal adapts to reduced visual viewport with close, input and save operable (788ms)
  ✓  44 [mobile-chromium] › e2e/mobile-regression-2.4.spec.js:423:1 › cumulative 15-person fairness backfills receipt allocations before rounding up (2.0s)
(node:27654) Warning: The 'NO_COLOR' env is ignored due to the 'FORCE_COLOR' env being set.
(Use `node --trace-warnings ...` to show where the warning was created)
(node:27654) Warning: The 'NO_COLOR' env is ignored due to the 'FORCE_COLOR' env being set.
(Use `node --trace-warnings ...` to show where the warning was created)
  ✓  45 [mobile-chromium] › e2e/mobile-2.5.spec.js:109:1 › settlement batch dirty gates new repayment but unrelated edit and pending confirmation still work (2.9s)
  ✓  46 [mobile-chromium] › e2e/mobile-2.5.spec.js:191:1 › personal, other and all PNG templates: swipe preserves selection, zero blocks, selected downloads only (13.5s)
  ✓  47 [mobile-chromium] › e2e/mobile-2.5.spec.js:268:1 › name width and paste overflow reject immediately; draft delete requires confirmation (2.3s)
  ✓  48 [mobile-chromium] › e2e/mobile-core.spec.js:20:3 › Bopli 2.5 mobile core journey › 新使用者可建立群組、活動、記第一筆支出並看到結算 (1.2s)
  ✓  49 [mobile-chromium] › e2e/mobile-core.spec.js:59:3 › Bopli 2.5 mobile core journey › 群主可在活動進行中加入新群組成員，預設不改過去支出 (1.9s)
  ✓  50 [mobile-chromium] › e2e/mobile-core.spec.js:137:3 › Bopli 2.5 mobile core journey › 手機畫面主要操作無水平溢出 (784ms)
  ✓  51 [mobile-chromium] › e2e/mobile-extended.spec.js:101:3 › Bopli 2.5 mobile extended journeys › 活動中途退出成員時預設只影響之後，舊支出保留 (1.8s)
  ✓  52 [mobile-chromium] › e2e/mobile-extended.spec.js:137:3 › Bopli 2.5 mobile extended journeys › 首頁待處理卡直接進結算，活動可一鍵開啟成員管理 (8.3s)
  ✓  53 [mobile-chromium] › e2e/mobile-extended.spec.js:169:3 › Bopli 2.5 mobile extended journeys › 付款人記錄付款後，收款人可切換身分確認並完成結清 (8.6s)
  ✓  54 [mobile-chromium] › e2e/mobile-extended.spec.js:227:3 › Bopli 2.5 mobile extended journeys › 副群主看不到永久刪除；群主可刪除空活動與群組 (8.4s)
  ✓  55 [mobile-chromium] › e2e/mobile-extended.spec.js:300:3 › Bopli 2.5 mobile extended journeys › 14 人旅行與第二群組帳目互不污染 (3.5s)
  ✓  56 [mobile-chromium] › e2e/mobile-regression-2.4.spec.js:132:1 › 2.5 reset removes every old key only once, preserving new account after reload (1.4s)
  ✓  57 [mobile-chromium] › e2e/mobile-regression-2.4.spec.js:177:1 › partial payment consumes manual allocation, reserves pending, and confirms same record (2.4s)
  ✓  58 [mobile-chromium] › e2e/mobile-regression-2.4.spec.js:217:42 › owner can change remaining manual plan while pending amount stays fixed (1.4s)
  ✓  59 [mobile-chromium] › e2e/mobile-regression-2.4.spec.js:217:42 › deputy can change remaining manual plan while pending amount stays fixed (1.3s)
  ✓  60 [mobile-chromium] › e2e/mobile-regression-2.4.spec.js:245:1 › disputed payment stays reserved and can be resubmitted without a duplicate (1.9s)
  ✓  61 [mobile-chromium] › e2e/mobile-regression-2.4.spec.js:277:1 › empty status is consistent across tabs; zero-balance spectator cannot settle others (1.2s)
  ✓  62 [mobile-chromium] › e2e/mobile-regression-2.4.spec.js:305:1 › review member appears once, resolves into current members, and returns directly to activity (1.1s)
  ✓  63 [mobile-chromium] › e2e/mobile-regression-2.4.spec.js:345:1 › tabs preserve each scroll position and second tap scrolls to top (2.3s)
  ✓  64 [mobile-chromium] › e2e/mobile-regression-2.4.spec.js:376:1 › home notification and profile share logo geometry and logo returns home (817ms)
  ✓  65 [mobile-chromium] › e2e/mobile-regression-2.4.spec.js:393:1 › shared input modal adapts to reduced visual viewport with close, input and save operable (741ms)
  ✓  66 [mobile-chromium] › e2e/mobile-regression-2.4.spec.js:423:1 › cumulative 15-person fairness backfills receipt allocations before rounding up (2.0s)

  66 passed (3.5m)
